
> ris-manager@1.0.0 build:win
> electron-builder --win

  ΓÇó electron-builder  version=25.1.8 os=10.0.26200
  ΓÇó loaded configuration  file=package.json ("build" field)
  ΓÇó executing @electron/rebuild  electronVersion=41.5.0 arch=x64 buildFromSource=false appDir=./
  ΓÇó installing native dependencies  arch=x64
  ΓÇó completed installing native dependencies
  ΓÇó packaging       platform=win32 arch=x64 electron=41.5.0 appOutDir=dist\win-unpacked
  ΓÇó downloading     url=https://github.com/electron/electron/releases/download/v41.5.0/electron-v41.5.0-win32-x64.zip size=143 MB parts=8
  ΓÇó downloaded      url=https://github.com/electron/electron/releases/download/v41.5.0/electron-v41.5.0-win32-x64.zip duration=22.818s
  ΓÇó updating asar integrity executable resource  executablePath=dist\win-unpacked\RIS Manager.exe
  ΓÇó default Electron icon is used  reason=application icon is not set
  ΓÇó signing with signtool.exe  path=dist\win-unpacked\RIS Manager.exe
  ΓÇó no signing info identified, signing is skipped  signHook=false cscInfo=null
  ΓÇó building        target=nsis file=dist\RIS Manager Setup 1.0.0.exe archs=x64 oneClick=false perMachine=true
  ΓÇó signing with signtool.exe  path=dist\win-unpacked\resources\elevate.exe
  ΓÇó no signing info identified, signing is skipped  signHook=false cscInfo=null
  ΓÇó signing with signtool.exe  path=dist\__uninstaller-nsis-ris-manager.exe
  ΓÇó no signing info identified, signing is skipped  signHook=false cscInfo=null
  ΓÇó signing with signtool.exe  path=dist\RIS Manager Setup 1.0.0.exe
  ΓÇó no signing info identified, signing is skipped  signHook=false cscInfo=null
  ΓÇó building block map  blockMapFile=dist\RIS Manager Setup 1.0.0.exe.blockmap
